D:\Lab2avd\Logical\Global.typ
D:\Lab2avd\Logical\Global.var
D:\Lab2avd\Logical\Libraries\Runtime\runtime.fun
D:\Lab2avd\Logical\Libraries\Runtime\runtime.typ
D:\Lab2avd\Logical\Libraries\Runtime\runtime.var
D:\Lab2avd\Logical\Libraries\Operator\operator.fun
D:\Lab2avd\Logical\Libraries\Operator\operator.typ
D:\Lab2avd\Logical\Libraries\Operator\operator.var
D:\Lab2avd\Logical\Libraries\AsIecCon\AsIecCon.fun
D:\Lab2avd\Logical\Libraries\AsIecCon\AsIecCon.typ
D:\Lab2avd\Logical\Libraries\AsIecCon\AsIecCon.var
D:\Lab2avd\Logical\Libraries\astime\astime.fun
D:\Lab2avd\Logical\Libraries\astime\astime.typ
D:\Lab2avd\Logical\Libraries\astime\astime.var
D:\Lab2avd\Logical\Libraries\sys_lib\sys_lib.fun
D:\Lab2avd\Logical\Libraries\sys_lib\sys_lib.typ
D:\Lab2avd\Logical\Libraries\sys_lib\sys_lib.var
D:\Lab2avd\Logical\Libraries\asstring\asstring.fun
D:\Lab2avd\Logical\Libraries\asstring\asstring.typ
D:\Lab2avd\Logical\Libraries\asstring\asstring.var
D:\Lab2avd\Logical\Libraries\DriveLib\Types.typ
D:\Lab2avd\Logical\Libraries\DriveLib\ConStants.var
D:\Lab2avd\Logical\Libraries\DriveLib\DriveLib.fun
